// Jest Snapshot v1, https://goo.gl/fbAQLP

exports[`With Snapshot Testing App shows "Hello world!" 1`] = `
<div
  id="__layoutRoot"
>
  <header
    className="MuiPaper-root-9 MuiPaper-elevation4-15 MuiAppBar-root-1 MuiAppBar-positionStatic-5 MuiAppBar-colorPrimary-7"
  >
    <div
      className="MuiToolbar-root-36"
    >
      <button
        aria-label="Menu"
        className="MuiButtonBase-root-44 MuiIconButton-root-38"
        disabled={false}
        onBlur={[Function]}
        onClick={[Function]}
        onFocus={[Function]}
        onKeyDown={[Function]}
        onKeyUp={[Function]}
        onMouseDown={[Function]}
        onMouseLeave={[Function]}
        onMouseUp={[Function]}
        onTouchEnd={[Function]}
        onTouchMove={[Function]}
        onTouchStart={[Function]}
        tabIndex="0"
        type="button"
      >
        <span
          className="MuiIconButton-label-43"
        >
          <svg
            aria-hidden="true"
            className="MuiSvgIcon-root-47"
            color={undefined}
            focusable="false"
            viewBox="0 0 24 24"
          >
            <path
              d="M3 18h18v-2H3v2zm0-5h18v-2H3v2zm0-7v2h18V6H3z"
            />
          </svg>
        </span>
        <span
          className="MuiTouchRipple-root-53"
        />
      </button>
      <p
        className="MuiTypography-root-60 MuiTypography-body1-69 MuiTypography-colorInherit-79"
        type="title"
      >
        <span
          id="toolbarTitle"
        >
          Home
        </span>
      </p>
    </div>
  </header>
  <h1
    className=""
  >
    Home
  </h1>
</div>
`;
